// Jest Snapshot v1, https://goo.gl/fbAQLP

exports[`App tests should render default App component 1`] = `
<div
  className="app-container"
>
  <div
    className="notification-container"
  >
    <Alert
      actionClose={
        <AlertActionCloseButton
          onClose={[Function]}
        />
      }
      title="Setup Complete"
      variant="success"
    >
      You have successfully launched your patternfly starter project.
    </Alert>
  </div>
</div>
`;
